// Jest Snapshot v1, https://goo.gl/fbAQLP

exports[`Test of <MainTitle /> should show the component correctly 1`] = `
<Fragment>
  <div
    className="main__container-login"
  >
    <h1
      className="main__title"
    >
      Noticias con extracci√≥n automatizada de la web
    </h1>
    <p
      className="main__title-description"
    >
      Usamos Inteligencia Artificial para clasificar las noticias segun su positivismo o negatividad
    </p>
  </div>
</Fragment>
`;
